---
http_interactions:
- request:
    method: post
    uri: https://www.notion.so/api/v3/loadPageChunk
    body:
      encoding: UTF-8
      string: '{"pageId":"f124cfbb-fcc5-4129-9bc2-fdad0b135fe1","limit":30,"cursor":{"stack":[]},"chunkNumber":0,"verticalColumns":false}'
    headers:
      Accept:
      - application/json
      Cookie:
      - token_v2=76ae1eb4ef89bf39f31c42ea3d9b337fe30c9a8e65b19e074a3c19c75dff9ee4855971c291848642910adab4ef3a52b6a2441620740000597e8ac9cb4362afb55008c1c08d6449456b85309f2a90
      Connection:
      - close
      Content-Type:
      - application/json; charset=UTF-8
      Host:
      - www.notion.so
      User-Agent:
      - http.rb/4.4.1
  response:
    status:
      code: 200
      message: OK
    headers:
      Date:
      - Wed, 26 May 2021 05:43:14 GMT
      Content-Type:
      - application/json; charset=utf-8
      Transfer-Encoding:
      - chunked
      Connection:
      - close
      X-Dns-Prefetch-Control:
      - 'off'
      X-Frame-Options:
      - SAMEORIGIN
      Strict-Transport-Security:
      - max-age=5184000; includeSubDomains
      X-Download-Options:
      - noopen
      X-Content-Type-Options:
      - nosniff
      X-Xss-Protection:
      - 1; mode=block
      Referrer-Policy:
      - same-origin
      Content-Security-Policy:
      - 'script-src ''self'' ''unsafe-inline'' ''unsafe-eval'' https://gist.github.com
        https://apis.google.com https://api.amplitude.com https://widget.intercom.io
        https://js.intercomcdn.com https://logs-01.loggly.com https://cdn.segment.com
        https://analytics.pgncs.notion.so https://o324374.ingest.sentry.io https://checkout.stripe.com
        https://js.stripe.com https://embed.typeform.com https://admin.typeform.com
        https://public.profitwell.com js.sentry-cdn.com https://platform.twitter.com
        https://cdn.syndication.twimg.com https://www.googletagmanager.com https://x.clearbitjs.com;
        connect-src ''self'' https://msgstore.www.notion.so wss://msgstore.www.notion.so
        ws://localhost:* https://notion-emojis.s3-us-west-2.amazonaws.com https://s3-us-west-2.amazonaws.com
        https://s3.us-west-2.amazonaws.com https://notion-production-snapshots-2.s3.us-west-2.amazonaws.com
        https: http: https://api.amplitude.com https://api.embed.ly https://js.intercomcdn.com
        https://api-iam.intercom.io wss://nexus-websocket-a.intercom.io https://logs-01.loggly.com
        https://api.segment.io https://api.pgncs.notion.so https://o324374.ingest.sentry.io
        https://checkout.stripe.com https://js.stripe.com https://cdn.contentful.com
        https://preview.contentful.com https://images.ctfassets.net https://www2.profitwell.com
        https://api.unsplash.com https://boards-api.greenhouse.io; font-src ''self''
        data: https://cdnjs.cloudflare.com https://js.intercomcdn.com; img-src ''self''
        data: blob: https: https://platform.twitter.com https://syndication.twitter.com
        https://pbs.twimg.com https://ton.twimg.com www.googletagmanager.com; style-src
        ''self'' ''unsafe-inline'' https://cdnjs.cloudflare.com https://github.githubassets.com
        https://platform.twitter.com https://ton.twimg.com; frame-src https: http:;
        media-src https: http:'
      X-Content-Security-Policy:
      - 'script-src ''self'' ''unsafe-inline'' ''unsafe-eval'' https://gist.github.com
        https://apis.google.com https://api.amplitude.com https://widget.intercom.io
        https://js.intercomcdn.com https://logs-01.loggly.com https://cdn.segment.com
        https://analytics.pgncs.notion.so https://o324374.ingest.sentry.io https://checkout.stripe.com
        https://js.stripe.com https://embed.typeform.com https://admin.typeform.com
        https://public.profitwell.com js.sentry-cdn.com https://platform.twitter.com
        https://cdn.syndication.twimg.com https://www.googletagmanager.com https://x.clearbitjs.com;
        connect-src ''self'' https://msgstore.www.notion.so wss://msgstore.www.notion.so
        ws://localhost:* https://notion-emojis.s3-us-west-2.amazonaws.com https://s3-us-west-2.amazonaws.com
        https://s3.us-west-2.amazonaws.com https://notion-production-snapshots-2.s3.us-west-2.amazonaws.com
        https: http: https://api.amplitude.com https://api.embed.ly https://js.intercomcdn.com
        https://api-iam.intercom.io wss://nexus-websocket-a.intercom.io https://logs-01.loggly.com
        https://api.segment.io https://api.pgncs.notion.so https://o324374.ingest.sentry.io
        https://checkout.stripe.com https://js.stripe.com https://cdn.contentful.com
        https://preview.contentful.com https://images.ctfassets.net https://www2.profitwell.com
        https://api.unsplash.com https://boards-api.greenhouse.io; font-src ''self''
        data: https://cdnjs.cloudflare.com https://js.intercomcdn.com; img-src ''self''
        data: blob: https: https://platform.twitter.com https://syndication.twitter.com
        https://pbs.twimg.com https://ton.twimg.com www.googletagmanager.com; style-src
        ''self'' ''unsafe-inline'' https://cdnjs.cloudflare.com https://github.githubassets.com
        https://platform.twitter.com https://ton.twimg.com; frame-src https: http:;
        media-src https: http:'
      X-Webkit-Csp:
      - 'script-src ''self'' ''unsafe-inline'' ''unsafe-eval'' https://gist.github.com
        https://apis.google.com https://api.amplitude.com https://widget.intercom.io
        https://js.intercomcdn.com https://logs-01.loggly.com https://cdn.segment.com
        https://analytics.pgncs.notion.so https://o324374.ingest.sentry.io https://checkout.stripe.com
        https://js.stripe.com https://embed.typeform.com https://admin.typeform.com
        https://public.profitwell.com js.sentry-cdn.com https://platform.twitter.com
        https://cdn.syndication.twimg.com https://www.googletagmanager.com https://x.clearbitjs.com;
        connect-src ''self'' https://msgstore.www.notion.so wss://msgstore.www.notion.so
        ws://localhost:* https://notion-emojis.s3-us-west-2.amazonaws.com https://s3-us-west-2.amazonaws.com
        https://s3.us-west-2.amazonaws.com https://notion-production-snapshots-2.s3.us-west-2.amazonaws.com
        https: http: https://api.amplitude.com https://api.embed.ly https://js.intercomcdn.com
        https://api-iam.intercom.io wss://nexus-websocket-a.intercom.io https://logs-01.loggly.com
        https://api.segment.io https://api.pgncs.notion.so https://o324374.ingest.sentry.io
        https://checkout.stripe.com https://js.stripe.com https://cdn.contentful.com
        https://preview.contentful.com https://images.ctfassets.net https://www2.profitwell.com
        https://api.unsplash.com https://boards-api.greenhouse.io; font-src ''self''
        data: https://cdnjs.cloudflare.com https://js.intercomcdn.com; img-src ''self''
        data: blob: https: https://platform.twitter.com https://syndication.twitter.com
        https://pbs.twimg.com https://ton.twimg.com www.googletagmanager.com; style-src
        ''self'' ''unsafe-inline'' https://cdnjs.cloudflare.com https://github.githubassets.com
        https://platform.twitter.com https://ton.twimg.com; frame-src https: http:;
        media-src https: http:'
      Set-Cookie:
      - notion_browser_id=d9c8d2dc-85cb-4b12-8157-a9fcc073e49c; Domain=www.notion.so;
        Path=/; Expires=Sat, 01 Feb 2053 07:29:54 GMT; Secure
      X-Notion-User-Id:
      - e5b8637d-32a4-4597-8492-652c46372480
      Etag:
      - W/"a80-UrpNtB+z6wPYQxl1mDL6IdOM7N8"
      Vary:
      - Accept-Encoding
      Cf-Cache-Status:
      - DYNAMIC
      Cf-Request-Id:
      - 0a48cbe4f60000276a5b195000000001
      Expect-Ct:
      - max-age=604800, report-uri="https://report-uri.cloudflare.com/cdn-cgi/beacon/expect-ct"
      Server:
      - cloudflare
      Cf-Ray:
      - 6554af4e5cef276a-DEN
    body:
      encoding: UTF-8
      string: '{"recordMap":{"block":{"f124cfbb-fcc5-4129-9bc2-fdad0b135fe1":{"role":"editor","value":{"id":"f124cfbb-fcc5-4129-9bc2-fdad0b135fe1","version":18,"type":"collection_view_page","view_ids":["5a900c7f-a495-4a29-b403-c8ae0356bcaa"],"collection_id":"516b47c8-a1ab-48a0-a17b-1dafd3e06009","permissions":[{"role":"editor","type":"user_permission","user_id":"e5b8637d-32a4-4597-8492-652c46372480"}],"created_time":1621810133775,"last_edited_time":1622006040000,"parent_id":"9292b46f-54ab-41db-b39d-17436d8f8f14","parent_table":"space","alive":true,"created_by_table":"notion_user","created_by_id":"e5b8637d-32a4-4597-8492-652c46372480","last_edited_by_table":"notion_user","last_edited_by_id":"e5b8637d-32a4-4597-8492-652c46372480","space_id":"9292b46f-54ab-41db-b39d-17436d8f8f14"}}},"space":{"9292b46f-54ab-41db-b39d-17436d8f8f14":{"role":"editor","value":{"id":"9292b46f-54ab-41db-b39d-17436d8f8f14","version":41,"name":"Elliot''s
        Notion","permissions":[{"role":"editor","type":"user_permission","user_id":"e5b8637d-32a4-4597-8492-652c46372480"}],"beta_enabled":false,"pages":["722ba1ef-e17a-4175-90c6-dd123ddf11d4","f124cfbb-fcc5-4129-9bc2-fdad0b135fe1"],"created_time":1620017165450,"last_edited_time":1621817040000,"created_by_table":"notion_user","created_by_id":"e5b8637d-32a4-4597-8492-652c46372480","last_edited_by_table":"notion_user","last_edited_by_id":"e5b8637d-32a4-4597-8492-652c46372480","plan_type":"personal","invite_link_enabled":true}}},"collection_view":{"5a900c7f-a495-4a29-b403-c8ae0356bcaa":{"role":"editor","value":{"id":"5a900c7f-a495-4a29-b403-c8ae0356bcaa","version":4,"type":"table","name":"Default
        view","format":{"table_wrap":true,"table_properties":[{"width":276,"visible":true,"property":"title"},{"width":234,"visible":true,"property":"{jh?"},{"width":200,"visible":true,"property":"VXY@"}]},"parent_id":"f124cfbb-fcc5-4129-9bc2-fdad0b135fe1","parent_table":"block","alive":true,"page_sort":["3f98ce74-3f5d-42bd-aebd-7483b04e2a55","f4dd3fd6-e2d9-4522-841d-687c9097437e","e703d132-1f20-4a0c-8959-b4077dd27acb","9254fbf6-9b7d-4772-97f9-60505d75a464"],"query2":{"aggregations":[{"property":"title","aggregator":"count"}]},"space_id":"9292b46f-54ab-41db-b39d-17436d8f8f14"}}},"collection":{"516b47c8-a1ab-48a0-a17b-1dafd3e06009":{"role":"editor","value":{"id":"516b47c8-a1ab-48a0-a17b-1dafd3e06009","version":46,"name":[["Test
        collection view page"]],"schema":{"VXY@":{"name":"Date joined","type":"date"},"{jh?":{"name":"Email","type":"email"},"title":{"name":"Username","type":"title"}},"parent_id":"f124cfbb-fcc5-4129-9bc2-fdad0b135fe1","parent_table":"block","alive":true,"migrated":true,"space_id":"9292b46f-54ab-41db-b39d-17436d8f8f14"}}}},"cursor":{"stack":[]}}'
  recorded_at: Wed, 26 May 2021 05:43:14 GMT
- request:
    method: post
    uri: https://www.notion.so/api/v3/getBacklinksForBlock
    body:
      encoding: UTF-8
      string: '{"blockId":"f124cfbb-fcc5-4129-9bc2-fdad0b135fe1"}'
    headers:
      Accept:
      - application/json
      Cookie:
      - token_v2=76ae1eb4ef89bf39f31c42ea3d9b337fe30c9a8e65b19e074a3c19c75dff9ee4855971c291848642910adab4ef3a52b6a2441620740000597e8ac9cb4362afb55008c1c08d6449456b85309f2a90
      Connection:
      - close
      Content-Type:
      - application/json; charset=UTF-8
      Host:
      - www.notion.so
      User-Agent:
      - http.rb/4.4.1
  response:
    status:
      code: 200
      message: OK
    headers:
      Date:
      - Wed, 26 May 2021 05:43:15 GMT
      Content-Type:
      - application/json; charset=utf-8
      Transfer-Encoding:
      - chunked
      Connection:
      - close
      X-Dns-Prefetch-Control:
      - 'off'
      X-Frame-Options:
      - SAMEORIGIN
      Strict-Transport-Security:
      - max-age=5184000; includeSubDomains
      X-Download-Options:
      - noopen
      X-Content-Type-Options:
      - nosniff
      X-Xss-Protection:
      - 1; mode=block
      Referrer-Policy:
      - same-origin
      Content-Security-Policy:
      - 'script-src ''self'' ''unsafe-inline'' ''unsafe-eval'' https://gist.github.com
        https://apis.google.com https://api.amplitude.com https://widget.intercom.io
        https://js.intercomcdn.com https://logs-01.loggly.com https://cdn.segment.com
        https://analytics.pgncs.notion.so https://o324374.ingest.sentry.io https://checkout.stripe.com
        https://js.stripe.com https://embed.typeform.com https://admin.typeform.com
        https://public.profitwell.com js.sentry-cdn.com https://platform.twitter.com
        https://cdn.syndication.twimg.com https://www.googletagmanager.com https://x.clearbitjs.com;
        connect-src ''self'' https://msgstore.www.notion.so wss://msgstore.www.notion.so
        ws://localhost:* https://notion-emojis.s3-us-west-2.amazonaws.com https://s3-us-west-2.amazonaws.com
        https://s3.us-west-2.amazonaws.com https://notion-production-snapshots-2.s3.us-west-2.amazonaws.com
        https: http: https://api.amplitude.com https://api.embed.ly https://js.intercomcdn.com
        https://api-iam.intercom.io wss://nexus-websocket-a.intercom.io https://logs-01.loggly.com
        https://api.segment.io https://api.pgncs.notion.so https://o324374.ingest.sentry.io
        https://checkout.stripe.com https://js.stripe.com https://cdn.contentful.com
        https://preview.contentful.com https://images.ctfassets.net https://www2.profitwell.com
        https://api.unsplash.com https://boards-api.greenhouse.io; font-src ''self''
        data: https://cdnjs.cloudflare.com https://js.intercomcdn.com; img-src ''self''
        data: blob: https: https://platform.twitter.com https://syndication.twitter.com
        https://pbs.twimg.com https://ton.twimg.com www.googletagmanager.com; style-src
        ''self'' ''unsafe-inline'' https://cdnjs.cloudflare.com https://github.githubassets.com
        https://platform.twitter.com https://ton.twimg.com; frame-src https: http:;
        media-src https: http:'
      X-Content-Security-Policy:
      - 'script-src ''self'' ''unsafe-inline'' ''unsafe-eval'' https://gist.github.com
        https://apis.google.com https://api.amplitude.com https://widget.intercom.io
        https://js.intercomcdn.com https://logs-01.loggly.com https://cdn.segment.com
        https://analytics.pgncs.notion.so https://o324374.ingest.sentry.io https://checkout.stripe.com
        https://js.stripe.com https://embed.typeform.com https://admin.typeform.com
        https://public.profitwell.com js.sentry-cdn.com https://platform.twitter.com
        https://cdn.syndication.twimg.com https://www.googletagmanager.com https://x.clearbitjs.com;
        connect-src ''self'' https://msgstore.www.notion.so wss://msgstore.www.notion.so
        ws://localhost:* https://notion-emojis.s3-us-west-2.amazonaws.com https://s3-us-west-2.amazonaws.com
        https://s3.us-west-2.amazonaws.com https://notion-production-snapshots-2.s3.us-west-2.amazonaws.com
        https: http: https://api.amplitude.com https://api.embed.ly https://js.intercomcdn.com
        https://api-iam.intercom.io wss://nexus-websocket-a.intercom.io https://logs-01.loggly.com
        https://api.segment.io https://api.pgncs.notion.so https://o324374.ingest.sentry.io
        https://checkout.stripe.com https://js.stripe.com https://cdn.contentful.com
        https://preview.contentful.com https://images.ctfassets.net https://www2.profitwell.com
        https://api.unsplash.com https://boards-api.greenhouse.io; font-src ''self''
        data: https://cdnjs.cloudflare.com https://js.intercomcdn.com; img-src ''self''
        data: blob: https: https://platform.twitter.com https://syndication.twitter.com
        https://pbs.twimg.com https://ton.twimg.com www.googletagmanager.com; style-src
        ''self'' ''unsafe-inline'' https://cdnjs.cloudflare.com https://github.githubassets.com
        https://platform.twitter.com https://ton.twimg.com; frame-src https: http:;
        media-src https: http:'
      X-Webkit-Csp:
      - 'script-src ''self'' ''unsafe-inline'' ''unsafe-eval'' https://gist.github.com
        https://apis.google.com https://api.amplitude.com https://widget.intercom.io
        https://js.intercomcdn.com https://logs-01.loggly.com https://cdn.segment.com
        https://analytics.pgncs.notion.so https://o324374.ingest.sentry.io https://checkout.stripe.com
        https://js.stripe.com https://embed.typeform.com https://admin.typeform.com
        https://public.profitwell.com js.sentry-cdn.com https://platform.twitter.com
        https://cdn.syndication.twimg.com https://www.googletagmanager.com https://x.clearbitjs.com;
        connect-src ''self'' https://msgstore.www.notion.so wss://msgstore.www.notion.so
        ws://localhost:* https://notion-emojis.s3-us-west-2.amazonaws.com https://s3-us-west-2.amazonaws.com
        https://s3.us-west-2.amazonaws.com https://notion-production-snapshots-2.s3.us-west-2.amazonaws.com
        https: http: https://api.amplitude.com https://api.embed.ly https://js.intercomcdn.com
        https://api-iam.intercom.io wss://nexus-websocket-a.intercom.io https://logs-01.loggly.com
        https://api.segment.io https://api.pgncs.notion.so https://o324374.ingest.sentry.io
        https://checkout.stripe.com https://js.stripe.com https://cdn.contentful.com
        https://preview.contentful.com https://images.ctfassets.net https://www2.profitwell.com
        https://api.unsplash.com https://boards-api.greenhouse.io; font-src ''self''
        data: https://cdnjs.cloudflare.com https://js.intercomcdn.com; img-src ''self''
        data: blob: https: https://platform.twitter.com https://syndication.twitter.com
        https://pbs.twimg.com https://ton.twimg.com www.googletagmanager.com; style-src
        ''self'' ''unsafe-inline'' https://cdnjs.cloudflare.com https://github.githubassets.com
        https://platform.twitter.com https://ton.twimg.com; frame-src https: http:;
        media-src https: http:'
      Set-Cookie:
      - notion_browser_id=b07e25f1-591b-40ed-9f9f-1bcbc0489e26; Domain=www.notion.so;
        Path=/; Expires=Sat, 01 Feb 2053 07:29:55 GMT; Secure
      X-Notion-User-Id:
      - e5b8637d-32a4-4597-8492-652c46372480
      Etag:
      - W/"5b8-wYUe/+j2rDwL8daFuRDirh6DxXU"
      Vary:
      - Accept-Encoding
      Cf-Cache-Status:
      - DYNAMIC
      Cf-Request-Id:
      - 0a48cbe5a40000271b0601c000000001
      Expect-Ct:
      - max-age=604800, report-uri="https://report-uri.cloudflare.com/cdn-cgi/beacon/expect-ct"
      Server:
      - cloudflare
      Cf-Ray:
      - 6554af4f690d271b-DEN
    body:
      encoding: UTF-8
      string: '{"backlinks":[],"recordMap":{"block":{"f124cfbb-fcc5-4129-9bc2-fdad0b135fe1":{"role":"editor","value":{"id":"f124cfbb-fcc5-4129-9bc2-fdad0b135fe1","version":18,"type":"collection_view_page","view_ids":["5a900c7f-a495-4a29-b403-c8ae0356bcaa"],"collection_id":"516b47c8-a1ab-48a0-a17b-1dafd3e06009","permissions":[{"role":"editor","type":"user_permission","user_id":"e5b8637d-32a4-4597-8492-652c46372480"}],"created_time":1621810133775,"last_edited_time":1622006040000,"parent_id":"9292b46f-54ab-41db-b39d-17436d8f8f14","parent_table":"space","alive":true,"created_by_table":"notion_user","created_by_id":"e5b8637d-32a4-4597-8492-652c46372480","last_edited_by_table":"notion_user","last_edited_by_id":"e5b8637d-32a4-4597-8492-652c46372480","space_id":"9292b46f-54ab-41db-b39d-17436d8f8f14"}}},"space":{"9292b46f-54ab-41db-b39d-17436d8f8f14":{"role":"editor","value":{"id":"9292b46f-54ab-41db-b39d-17436d8f8f14","version":41,"name":"Elliot''s
        Notion","permissions":[{"role":"editor","type":"user_permission","user_id":"e5b8637d-32a4-4597-8492-652c46372480"}],"beta_enabled":false,"pages":["722ba1ef-e17a-4175-90c6-dd123ddf11d4","f124cfbb-fcc5-4129-9bc2-fdad0b135fe1"],"created_time":1620017165450,"last_edited_time":1621817040000,"created_by_table":"notion_user","created_by_id":"e5b8637d-32a4-4597-8492-652c46372480","last_edited_by_table":"notion_user","last_edited_by_id":"e5b8637d-32a4-4597-8492-652c46372480","plan_type":"personal","invite_link_enabled":true}}}}}'
  recorded_at: Wed, 26 May 2021 05:43:15 GMT
- request:
    method: post
    uri: https://www.notion.so/api/v3/queryCollection
    body:
      encoding: UTF-8
      string: '{"collectionId":"516b47c8-a1ab-48a0-a17b-1dafd3e06009","collectionViewId":"5a900c7f-a495-4a29-b403-c8ae0356bcaa","query":{},"loader":{"type":"reducer","reducers":{"collection_group_results":{"type":"results","limit":50}},"searchQuery":"","userTimeZone":"America/Denver"}}'
    headers:
      Accept:
      - application/json
      Cookie:
      - token_v2=76ae1eb4ef89bf39f31c42ea3d9b337fe30c9a8e65b19e074a3c19c75dff9ee4855971c291848642910adab4ef3a52b6a2441620740000597e8ac9cb4362afb55008c1c08d6449456b85309f2a90
      Connection:
      - close
      Content-Type:
      - application/json; charset=UTF-8
      Host:
      - www.notion.so
      User-Agent:
      - http.rb/4.4.1
  response:
    status:
      code: 200
      message: OK
    headers:
      Date:
      - Wed, 26 May 2021 05:43:15 GMT
      Content-Type:
      - application/json; charset=utf-8
      Transfer-Encoding:
      - chunked
      Connection:
      - close
      X-Dns-Prefetch-Control:
      - 'off'
      X-Frame-Options:
      - SAMEORIGIN
      Strict-Transport-Security:
      - max-age=5184000; includeSubDomains
      X-Download-Options:
      - noopen
      X-Content-Type-Options:
      - nosniff
      X-Xss-Protection:
      - 1; mode=block
      Referrer-Policy:
      - same-origin
      Content-Security-Policy:
      - 'script-src ''self'' ''unsafe-inline'' ''unsafe-eval'' https://gist.github.com
        https://apis.google.com https://api.amplitude.com https://widget.intercom.io
        https://js.intercomcdn.com https://logs-01.loggly.com https://cdn.segment.com
        https://analytics.pgncs.notion.so https://o324374.ingest.sentry.io https://checkout.stripe.com
        https://js.stripe.com https://embed.typeform.com https://admin.typeform.com
        https://public.profitwell.com js.sentry-cdn.com https://platform.twitter.com
        https://cdn.syndication.twimg.com https://www.googletagmanager.com https://x.clearbitjs.com;
        connect-src ''self'' https://msgstore.www.notion.so wss://msgstore.www.notion.so
        ws://localhost:* https://notion-emojis.s3-us-west-2.amazonaws.com https://s3-us-west-2.amazonaws.com
        https://s3.us-west-2.amazonaws.com https://notion-production-snapshots-2.s3.us-west-2.amazonaws.com
        https: http: https://api.amplitude.com https://api.embed.ly https://js.intercomcdn.com
        https://api-iam.intercom.io wss://nexus-websocket-a.intercom.io https://logs-01.loggly.com
        https://api.segment.io https://api.pgncs.notion.so https://o324374.ingest.sentry.io
        https://checkout.stripe.com https://js.stripe.com https://cdn.contentful.com
        https://preview.contentful.com https://images.ctfassets.net https://www2.profitwell.com
        https://api.unsplash.com https://boards-api.greenhouse.io; font-src ''self''
        data: https://cdnjs.cloudflare.com https://js.intercomcdn.com; img-src ''self''
        data: blob: https: https://platform.twitter.com https://syndication.twitter.com
        https://pbs.twimg.com https://ton.twimg.com www.googletagmanager.com; style-src
        ''self'' ''unsafe-inline'' https://cdnjs.cloudflare.com https://github.githubassets.com
        https://platform.twitter.com https://ton.twimg.com; frame-src https: http:;
        media-src https: http:'
      X-Content-Security-Policy:
      - 'script-src ''self'' ''unsafe-inline'' ''unsafe-eval'' https://gist.github.com
        https://apis.google.com https://api.amplitude.com https://widget.intercom.io
        https://js.intercomcdn.com https://logs-01.loggly.com https://cdn.segment.com
        https://analytics.pgncs.notion.so https://o324374.ingest.sentry.io https://checkout.stripe.com
        https://js.stripe.com https://embed.typeform.com https://admin.typeform.com
        https://public.profitwell.com js.sentry-cdn.com https://platform.twitter.com
        https://cdn.syndication.twimg.com https://www.googletagmanager.com https://x.clearbitjs.com;
        connect-src ''self'' https://msgstore.www.notion.so wss://msgstore.www.notion.so
        ws://localhost:* https://notion-emojis.s3-us-west-2.amazonaws.com https://s3-us-west-2.amazonaws.com
        https://s3.us-west-2.amazonaws.com https://notion-production-snapshots-2.s3.us-west-2.amazonaws.com
        https: http: https://api.amplitude.com https://api.embed.ly https://js.intercomcdn.com
        https://api-iam.intercom.io wss://nexus-websocket-a.intercom.io https://logs-01.loggly.com
        https://api.segment.io https://api.pgncs.notion.so https://o324374.ingest.sentry.io
        https://checkout.stripe.com https://js.stripe.com https://cdn.contentful.com
        https://preview.contentful.com https://images.ctfassets.net https://www2.profitwell.com
        https://api.unsplash.com https://boards-api.greenhouse.io; font-src ''self''
        data: https://cdnjs.cloudflare.com https://js.intercomcdn.com; img-src ''self''
        data: blob: https: https://platform.twitter.com https://syndication.twitter.com
        https://pbs.twimg.com https://ton.twimg.com www.googletagmanager.com; style-src
        ''self'' ''unsafe-inline'' https://cdnjs.cloudflare.com https://github.githubassets.com
        https://platform.twitter.com https://ton.twimg.com; frame-src https: http:;
        media-src https: http:'
      X-Webkit-Csp:
      - 'script-src ''self'' ''unsafe-inline'' ''unsafe-eval'' https://gist.github.com
        https://apis.google.com https://api.amplitude.com https://widget.intercom.io
        https://js.intercomcdn.com https://logs-01.loggly.com https://cdn.segment.com
        https://analytics.pgncs.notion.so https://o324374.ingest.sentry.io https://checkout.stripe.com
        https://js.stripe.com https://embed.typeform.com https://admin.typeform.com
        https://public.profitwell.com js.sentry-cdn.com https://platform.twitter.com
        https://cdn.syndication.twimg.com https://www.googletagmanager.com https://x.clearbitjs.com;
        connect-src ''self'' https://msgstore.www.notion.so wss://msgstore.www.notion.so
        ws://localhost:* https://notion-emojis.s3-us-west-2.amazonaws.com https://s3-us-west-2.amazonaws.com
        https://s3.us-west-2.amazonaws.com https://notion-production-snapshots-2.s3.us-west-2.amazonaws.com
        https: http: https://api.amplitude.com https://api.embed.ly https://js.intercomcdn.com
        https://api-iam.intercom.io wss://nexus-websocket-a.intercom.io https://logs-01.loggly.com
        https://api.segment.io https://api.pgncs.notion.so https://o324374.ingest.sentry.io
        https://checkout.stripe.com https://js.stripe.com https://cdn.contentful.com
        https://preview.contentful.com https://images.ctfassets.net https://www2.profitwell.com
        https://api.unsplash.com https://boards-api.greenhouse.io; font-src ''self''
        data: https://cdnjs.cloudflare.com https://js.intercomcdn.com; img-src ''self''
        data: blob: https: https://platform.twitter.com https://syndication.twitter.com
        https://pbs.twimg.com https://ton.twimg.com www.googletagmanager.com; style-src
        ''self'' ''unsafe-inline'' https://cdnjs.cloudflare.com https://github.githubassets.com
        https://platform.twitter.com https://ton.twimg.com; frame-src https: http:;
        media-src https: http:'
      Set-Cookie:
      - notion_browser_id=abed4eba-6cf5-4e78-b843-0dbbaa699c56; Domain=www.notion.so;
        Path=/; Expires=Sat, 01 Feb 2053 07:29:55 GMT; Secure
      X-Notion-User-Id:
      - e5b8637d-32a4-4597-8492-652c46372480
      Etag:
      - W/"15d1-jTqiQwA5geOXInqLitOzOu7ME/g"
      Vary:
      - Accept-Encoding
      Cf-Cache-Status:
      - DYNAMIC
      Cf-Request-Id:
      - 0a48cbe67f000027177f188000000001
      Expect-Ct:
      - max-age=604800, report-uri="https://report-uri.cloudflare.com/cdn-cgi/beacon/expect-ct"
      Server:
      - cloudflare
      Cf-Ray:
      - 6554af50c9d52717-DEN
    body:
      encoding: UTF-8
      string: '{"result":{"type":"reducer","reducerResults":{"collection_group_results":{"type":"results","blockIds":["3f98ce74-3f5d-42bd-aebd-7483b04e2a55","f4dd3fd6-e2d9-4522-841d-687c9097437e","e703d132-1f20-4a0c-8959-b4077dd27acb","9254fbf6-9b7d-4772-97f9-60505d75a464"],"total":4}}},"recordMap":{"collection":{"516b47c8-a1ab-48a0-a17b-1dafd3e06009":{"role":"editor","value":{"id":"516b47c8-a1ab-48a0-a17b-1dafd3e06009","version":46,"name":[["Test
        collection view page"]],"schema":{"VXY@":{"name":"Date joined","type":"date"},"{jh?":{"name":"Email","type":"email"},"title":{"name":"Username","type":"title"}},"parent_id":"f124cfbb-fcc5-4129-9bc2-fdad0b135fe1","parent_table":"block","alive":true,"migrated":true,"space_id":"9292b46f-54ab-41db-b39d-17436d8f8f14"}}},"collection_view":{"5a900c7f-a495-4a29-b403-c8ae0356bcaa":{"role":"editor","value":{"id":"5a900c7f-a495-4a29-b403-c8ae0356bcaa","version":4,"type":"table","name":"Default
        view","format":{"table_wrap":true,"table_properties":[{"width":276,"visible":true,"property":"title"},{"width":234,"visible":true,"property":"{jh?"},{"width":200,"visible":true,"property":"VXY@"}]},"parent_id":"f124cfbb-fcc5-4129-9bc2-fdad0b135fe1","parent_table":"block","alive":true,"page_sort":["3f98ce74-3f5d-42bd-aebd-7483b04e2a55","f4dd3fd6-e2d9-4522-841d-687c9097437e","e703d132-1f20-4a0c-8959-b4077dd27acb","9254fbf6-9b7d-4772-97f9-60505d75a464"],"query2":{"aggregations":[{"property":"title","aggregator":"count"}]},"space_id":"9292b46f-54ab-41db-b39d-17436d8f8f14"}}},"block":{"f124cfbb-fcc5-4129-9bc2-fdad0b135fe1":{"role":"editor","value":{"id":"f124cfbb-fcc5-4129-9bc2-fdad0b135fe1","version":18,"type":"collection_view_page","view_ids":["5a900c7f-a495-4a29-b403-c8ae0356bcaa"],"collection_id":"516b47c8-a1ab-48a0-a17b-1dafd3e06009","permissions":[{"role":"editor","type":"user_permission","user_id":"e5b8637d-32a4-4597-8492-652c46372480"}],"created_time":1621810133775,"last_edited_time":1622006040000,"parent_id":"9292b46f-54ab-41db-b39d-17436d8f8f14","parent_table":"space","alive":true,"created_by_table":"notion_user","created_by_id":"e5b8637d-32a4-4597-8492-652c46372480","last_edited_by_table":"notion_user","last_edited_by_id":"e5b8637d-32a4-4597-8492-652c46372480","space_id":"9292b46f-54ab-41db-b39d-17436d8f8f14"}},"3f98ce74-3f5d-42bd-aebd-7483b04e2a55":{"role":"editor","value":{"id":"3f98ce74-3f5d-42bd-aebd-7483b04e2a55","version":50,"type":"page","properties":{"VXY@":[["‣",[["d",{"type":"date","start_date":"2021-05-11"}]]]],"{jh?":[["bigkittylitter@gmail.com",[["a","bigkittylitter@gmail.com"]]]],"title":[["bigkittylitter"]]},"created_time":1621810133775,"last_edited_time":1621810140000,"parent_id":"516b47c8-a1ab-48a0-a17b-1dafd3e06009","parent_table":"collection","alive":true,"created_by_table":"notion_user","created_by_id":"e5b8637d-32a4-4597-8492-652c46372480","last_edited_by_table":"notion_user","last_edited_by_id":"e5b8637d-32a4-4597-8492-652c46372480","space_id":"9292b46f-54ab-41db-b39d-17436d8f8f14"}},"f4dd3fd6-e2d9-4522-841d-687c9097437e":{"role":"editor","value":{"id":"f4dd3fd6-e2d9-4522-841d-687c9097437e","version":45,"type":"page","properties":{"VXY@":[["‣",[["d",{"type":"date","start_date":"2021-05-08"}]]]],"{jh?":[["applesauceman@yahoo.com",[["a","applesauceman@yahoo.com"]]]],"title":[["applesauceman"]]},"created_time":1621810133775,"last_edited_time":1621810200000,"parent_id":"516b47c8-a1ab-48a0-a17b-1dafd3e06009","parent_table":"collection","alive":true,"created_by_table":"notion_user","created_by_id":"e5b8637d-32a4-4597-8492-652c46372480","last_edited_by_table":"notion_user","last_edited_by_id":"e5b8637d-32a4-4597-8492-652c46372480","space_id":"9292b46f-54ab-41db-b39d-17436d8f8f14"}},"e703d132-1f20-4a0c-8959-b4077dd27acb":{"role":"editor","value":{"id":"e703d132-1f20-4a0c-8959-b4077dd27acb","version":57,"type":"page","properties":{"VXY@":[["‣",[["d",{"type":"date","start_date":"2021-03-10"}]]]],"{jh?":[["jonesin4forsox@juno.com",[["a","jonesin4forsox@juno.com"]]]],"title":[["jonesin4sox"]]},"created_time":1621810133775,"last_edited_time":1621810200000,"parent_id":"516b47c8-a1ab-48a0-a17b-1dafd3e06009","parent_table":"collection","alive":true,"created_by_table":"notion_user","created_by_id":"e5b8637d-32a4-4597-8492-652c46372480","last_edited_by_table":"notion_user","last_edited_by_id":"e5b8637d-32a4-4597-8492-652c46372480","space_id":"9292b46f-54ab-41db-b39d-17436d8f8f14"}},"9254fbf6-9b7d-4772-97f9-60505d75a464":{"role":"editor","value":{"id":"9254fbf6-9b7d-4772-97f9-60505d75a464","version":8,"type":"page","created_time":1621810140000,"last_edited_time":1621810140000,"parent_id":"516b47c8-a1ab-48a0-a17b-1dafd3e06009","parent_table":"collection","alive":true,"created_by_table":"notion_user","created_by_id":"e5b8637d-32a4-4597-8492-652c46372480","last_edited_by_table":"notion_user","last_edited_by_id":"e5b8637d-32a4-4597-8492-652c46372480","space_id":"9292b46f-54ab-41db-b39d-17436d8f8f14"}}},"space":{"9292b46f-54ab-41db-b39d-17436d8f8f14":{"role":"editor","value":{"id":"9292b46f-54ab-41db-b39d-17436d8f8f14","version":41,"name":"Elliot''s
        Notion","permissions":[{"role":"editor","type":"user_permission","user_id":"e5b8637d-32a4-4597-8492-652c46372480"}],"beta_enabled":false,"pages":["722ba1ef-e17a-4175-90c6-dd123ddf11d4","f124cfbb-fcc5-4129-9bc2-fdad0b135fe1"],"created_time":1620017165450,"last_edited_time":1621817040000,"created_by_table":"notion_user","created_by_id":"e5b8637d-32a4-4597-8492-652c46372480","last_edited_by_table":"notion_user","last_edited_by_id":"e5b8637d-32a4-4597-8492-652c46372480","plan_type":"personal","invite_link_enabled":true}}}}}'
  recorded_at: Wed, 26 May 2021 05:43:15 GMT
recorded_with: VCR 6.0.0
